// Jest Snapshot v1, https://goo.gl/fbAQLP

exports[`Test rendering for the home component renders home page 1`] = `
<div>
  Home
</div>
`;
